---
source: cubesql/src/compile/mod.rs
expression: "execute_query(\"select COLUMN_NAME, ORDINAL_POSITION, IS_NULLABLE, case when (data_type like '%unsigned%') then DATA_TYPE || ' unsigned' else DATA_TYPE end as DATA_TYPE\n                from INFORMATION_SCHEMA.columns\n                where TABLE_SCHEMA = 'public' and TABLE_NAME = 'KibanaSampleDataEcommerce'\n                order by TABLE_SCHEMA, TABLE_NAME, ORDINAL_POSITION\".to_string(),\n            DatabaseProtocol::PostgreSQL).await?"
---
+--------------------+------------------+-------------+-----------------------------+
| column_name        | ordinal_position | is_nullable | DATA_TYPE                   |
+--------------------+------------------+-------------+-----------------------------+
| count              | 1                | NO          | bigint                      |
| maxPrice           | 2                | NO          | double precision            |
| minPrice           | 3                | NO          | double precision            |
| avgPrice           | 4                | NO          | double precision            |
| order_date         | 5                | YES         | timestamp without time zone |
| customer_gender    | 6                | YES         | text                        |
| taxful_total_price | 7                | YES         | double precision            |
| has_subscription   | 8                | YES         | boolean                     |
| is_male            | 9                | NO          | boolean                     |
| is_female          | 10               | NO          | boolean                     |
| __user             | 11               | YES         | text                        |
+--------------------+------------------+-------------+-----------------------------+
