// Jest Snapshot v1, https://goo.gl/fbAQLP

exports[`athena query measure: query 1`] = `
Array [
  Object {
    "Orders.totalAmount": "1700",
  },
]
`;

exports[`athena rollup measure: query 1`] = `
Array [
  Object {
    "Orders.totalAmount": "1700",
  },
]
`;
